%!Adobe-FontList 1.14
%Locale:0x409

%BeginFont
Handler:DirectoryHandler
FontType:TrueType
FontName:Albertus-ExtraBold
FamilyName:Albertus Extra Bold
StyleName:Regular
FullName:Albertus Extra Bold
MenuName:Albertus Extra Bold
StyleBits:2
WritingScript:Roman
OutlineFileName:C:\Personal files\Janet\College\InDesign CS6\Final\Final_jyoder Folder\Final_jyoder Folder\Document fonts\albr85w.ttf
DataFormat:sfntData
FileLength:92088
FileModTime:1204321002
WeightClass:700
WidthClass:5
AngleClass:0
%EndFont

%BeginFont
Handler:DirectoryHandler
FontType:TrueType
FontName:AvantGarde-Book
FamilyName:ITC Avant Garde Gothic
StyleName:Book
FullName:ITC Avant Garde Gothic Book
MenuName:ITC Avant Garde Gothic
StyleBits:0
WritingScript:Roman
OutlineFileName:C:\Personal files\Janet\College\InDesign CS6\Final\Final_jyoder Folder\Final_jyoder Folder\Document fonts\avgr45w.ttf
DataFormat:sfntData
FileLength:82832
FileModTime:1204321002
WeightClass:400
WidthClass:5
AngleClass:0
%EndFont

%BeginFont
Handler:DirectoryHandler
FontType:TrueType
FontName:Helvetica
FamilyName:Helvetica
StyleName:Regular
FullName:Helvetica
MenuName:Helvetica
StyleBits:0
WritingScript:Roman
OutlineFileName:C:\Personal files\Janet\College\InDesign CS6\Final\Final_jyoder Folder\Final_jyoder Folder\Document fonts\helr45w.ttf
DataFormat:sfntData
FileLength:83644
FileModTime:1204321006
WeightClass:400
WidthClass:5
AngleClass:0
%EndFont

%BeginFont
Handler:DirectoryHandler
FontType:Type1
FontName:MinionPro-Regular
FamilyName:Minion Pro
StyleName:Regular
FullName:Minion Pro
MenuName:Minion Pro
StyleBits:0
WritingScript:Roman
OutlineFileName:C:\Personal files\Janet\College\InDesign CS6\Final\Final_jyoder Folder\Final_jyoder Folder\Document fonts\MinionPro-Regular.otf
DataFormat:sfntData
UsesStandardEncoding:yes
isCFF:yes
FileLength:217280
FileModTime:1329329720
WeightClass:400
WidthClass:5
AngleClass:0
DesignSize:110
%EndFont

